---
source: crates/ruff_linter/src/rules/airflow/mod.rs
---
AIR311_args.py:25:9: AIR301 `use_task_execution_day` is removed in Airflow 3.0
   |
23 |     branch_dt_op2 = BranchDateTimeOperator(
24 |         task_id="branch_dt_op2",
25 |         use_task_execution_day=True,
   |         ^^^^^^^^^^^^^^^^^^^^^^ AIR301
26 |         sla=timedelta(seconds=10),
27 |     )
   |
   = help: Use `use_task_logical_date` instead
